c:\git\gm31git\gm31\gm31\x64\debug\vc143.pdb
c:\git\gm31git\gm31\gm31\x64\debug\vc143.idb
c:\git\gm31git\gm31\gm31\x64\debug\renderer.obj
c:\git\gm31git\gm31\gm31\x64\debug\imgui_widgets.obj
c:\git\gm31git\gm31\gm31\x64\debug\imgui_tables.obj
c:\git\gm31git\gm31\gm31\x64\debug\imgui_impl_win32.obj
c:\git\gm31git\gm31\gm31\x64\debug\imgui_impl_dx11.obj
c:\git\gm31git\gm31\gm31\x64\debug\imgui_draw.obj
c:\git\gm31git\gm31\gm31\x64\debug\imgui_demo.obj
c:\git\gm31git\gm31\gm31\x64\debug\imgui.obj
c:\git\gm31git\gm31\gm31\x64\debug\dx11helper.obj
c:\git\gm31git\gm31\gm31\x64\debug\csprite.obj
c:\git\gm31git\gm31\gm31\x64\debug\cshader.obj
c:\git\gm31git\gm31\gm31\x64\debug\scenemanager.obj
c:\git\gm31git\gm31\gm31\x64\debug\main.obj
c:\git\gm31git\gm31\gm31\x64\debug\imagedisplayscene.obj
c:\git\gm31git\gm31\gm31\x64\debug\game.obj
c:\git\gm31git\gm31\gm31\x64\debug\camera.obj
c:\git\gm31git\gm31\gm31\x64\debug\application.obj
c:\git\gm31git\gm31\gm31\x64\debug\ctexture.obj
c:\git\gm31git\gm31\gm31\x64\debug\debugui.obj
c:\git\gm31git\gm31\gm31\x64\debug\rubikcubescene.obj
c:\git\gm31git\gm31\gm31\x64\debug\quaternionscene.obj
c:\git\gm31git\gm31\gm31\x64\debug\c3dshape.obj
c:\git\gm31git\gm31\gm31\x64\debug\spheredrawer.obj
c:\git\gm31git\gm31\gm31\x64\debug\cylinderdrawer.obj
c:\git\gm31git\gm31\gm31\x64\debug\ccylindermesh.obj
c:\git\gm31git\gm31\gm31\x64\debug\capsuledrawer.obj
c:\git\gm31git\gm31\gm31\x64\debug\linedrawer.obj
c:\git\gm31git\gm31\gm31\x64\debug\conedrawer.obj
c:\git\gm31git\gm31\gm31\x64\debug\clinemesh.obj
c:\git\gm31git\gm31\gm31\x64\debug\cconemesh.obj
c:\git\gm31git\gm31\gm31\x64\debug\boxdrawer.obj
c:\git\gm31git\gm31\gm31\x64\debug\qtlooatat.obj
c:\git\gm31git\gm31\gm31\x64\debug\stb.obj
c:\git\gm31git\gm31\gm31\x64\debug\mecscene.obj
c:\git\gm31git\gm31\gm31\x64\debug\shape3dscene.obj
c:\git\gm31git\gm31\gm31\x64\debug\collisionobbscene.obj
c:\git\gm31git\gm31\x64\debug\geometryshader.cso
c:\git\gm31git\gm31\x64\debug\unlittextureps.cso
c:\git\gm31git\gm31\x64\debug\unlittexturevs.cso
c:\git\gm31git\gm31\x64\debug\vertexlightingoneskinvs.cso
c:\git\gm31git\gm31\x64\debug\vertexlightingps.cso
c:\git\gm31git\gm31\x64\debug\vertexlightingvs.cso
c:\git\gm31git\gm31\x64\debug\mygame.exe
c:\git\gm31git\gm31\x64\debug\mygame.pdb
c:\git\gm31git\gm31\gm31\x64\debug\mygame.ilk
c:\git\gm31git\gm31\gm31\x64\debug\mygame.tlog\cl.command.1.tlog
c:\git\gm31git\gm31\gm31\x64\debug\mygame.tlog\cl.items.tlog
c:\git\gm31git\gm31\gm31\x64\debug\mygame.tlog\cl.read.1.tlog
c:\git\gm31git\gm31\gm31\x64\debug\mygame.tlog\cl.write.1.tlog
c:\git\gm31git\gm31\gm31\x64\debug\mygame.tlog\fxc.command.1.tlog
c:\git\gm31git\gm31\gm31\x64\debug\mygame.tlog\fxc.read.1.tlog
c:\git\gm31git\gm31\gm31\x64\debug\mygame.tlog\fxc.write.1.tlog
c:\git\gm31git\gm31\gm31\x64\debug\mygame.tlog\link.command.1.tlog
c:\git\gm31git\gm31\gm31\x64\debug\mygame.tlog\link.read.1.tlog
c:\git\gm31git\gm31\gm31\x64\debug\mygame.tlog\link.secondary.1.tlog
c:\git\gm31git\gm31\gm31\x64\debug\mygame.tlog\link.write.1.tlog
